[{"count": 0, "attachment_id": null, "bug_id": 48994, "text": "I found out that after compile version 2.2.15, apache can not load .php extension when memmory_limit is set in php.ini file\n\ni have to rem this line in php.ini then apache able to load the site and it consider PHP use 128MB of mem\n\n;memory_limit = 512MB      ; Maximum amount of memory a script may consume (128MB)\n\nhere is error in apache error log\nPHP Fatal error:  Allowed memory size of 262144 bytes exhausted (tried to allocate 131072 bytes)\n\nhere is my Memory\nMemTotal:      8178816 kB\nMemFree:       7168780 kB\nBuffers:         51452 kB\nCached:         793652 kB\nSwapCached:          0 kB\nActive:         498088 kB\nInactive:       400436 kB\nHighTotal:           0 kB\nHighFree:            0 kB\nLowTotal:      8178816 kB\nLowFree:       7168780 kB\nSwapTotal:    10223608 kB\nSwapFree:     10223608 kB\nDirty:               0 kB\nWriteback:           0 kB\nAnonPages:       53396 kB\nMapped:          14740 kB\nSlab:            80168 kB\nPageTables:       6752 kB\nNFS_Unstable:        0 kB\nBounce:              0 kB\nCommitLimit:  14313016 kB\nCommitted_AS:   191408 kB\nVmallocTotal: 34359738367 kB\nVmallocUsed:    267628 kB\nVmallocChunk: 34359470327 kB\nHugePages_Total:     0\nHugePages_Free:      0\nHugePages_Rsvd:      0\nHugepagesize:     2048 kB\n\nTest in CentOS 5.4 x64 with PHP 5.2.11 & 5.2.13", "id": 135663, "time": "2010-03-26T10:02:34Z", "creator": "minhhiep.duong@gmail.com", "creation_time": "2010-03-26T10:02:34Z", "tags": [], "is_private": false}, {"count": 1, "tags": [], "creator": "covener@gmail.com", "text": "This bugzilla is for Apache HTTP Server defects, not PHP defects or config help / Q&A.\n\nhttp://httpd.apache.org/userslist.html", "id": 135665, "time": "2010-03-26T10:41:27Z", "bug_id": 48994, "creation_time": "2010-03-26T10:41:27Z", "is_private": false, "attachment_id": null}]